// Jest Snapshot v1, https://goo.gl/fbAQLP

exports[`Shop Order Component renders 1`] = `
{
  "asFragment": [Function],
  "baseElement": <body>
    <div>
      <div
        class="undefined flex flex-col sm:flex-row gap-6 items-center w-full"
      >
        <div
          class="w-full min-w-[30%]"
        >
          <div
            aria-label="searchbox"
            class="MuiAutocomplete-root MuiAutocomplete-hasPopupIcon css-1x7wafs-MuiAutocomplete-root"
            data-testid="autocomplete"
          >
            <div
              class="MuiFormControl-root MuiFormControl-fullWidth MuiTextField-root css-wb57ya-MuiFormControl-root-MuiTextField-root"
            >
              <label
                class="MuiFormLabel-root MuiInputLabel-root MuiInputLabel-formControl MuiInputLabel-animated MuiInputLabel-outlined MuiFormLabel-colorPrimary MuiInputLabel-root MuiInputLabel-formControl MuiInputLabel-animated MuiInputLabel-outlined css-14s5rfu-MuiFormLabel-root-MuiInputLabel-root"
                data-shrink="false"
                for=":r0:"
                id=":r0:-label"
              >
                Select a Product
              </label>
              <div
                class="MuiInputBase-root MuiOutlinedInput-root MuiInputBase-colorPrimary MuiInputBase-fullWidth MuiInputBase-formControl MuiInputBase-adornedEnd MuiAutocomplete-inputRoot css-154xyx0-MuiInputBase-root-MuiOutlinedInput-root"
              >
                <input
                  aria-autocomplete="list"
                  aria-expanded="false"
                  aria-invalid="false"
                  autocapitalize="none"
                  autocomplete="off"
                  class="MuiInputBase-input MuiOutlinedInput-input MuiInputBase-inputAdornedEnd MuiAutocomplete-input MuiAutocomplete-inputFocused css-nxo287-MuiInputBase-input-MuiOutlinedInput-input"
                  id=":r0:"
                  role="combobox"
                  spellcheck="false"
                  type="text"
                  value=""
                />
                <div
                  class="MuiAutocomplete-endAdornment css-1q60rmi-MuiAutocomplete-endAdornment"
                >
                  <button
                    aria-label="Open"
                    class="MuiButtonBase-root MuiIconButton-root MuiIconButton-sizeMedium MuiAutocomplete-popupIndicator css-qzbt6i-MuiButtonBase-root-MuiIconButton-root-MuiAutocomplete-popupIndicator"
                    tabindex="-1"
                    title="Open"
                    type="button"
                  >
                    <svg
                      aria-hidden="true"
                      class="MuiSvgIcon-root MuiSvgIcon-fontSizeMedium css-i4bv87-MuiSvgIcon-root"
                      data-testid="ArrowDropDownIcon"
                      focusable="false"
                      viewBox="0 0 24 24"
                    >
                      <path
                        d="M7 10l5 5 5-5z"
                      />
                    </svg>
                    <span
                      class="MuiTouchRipple-root css-8je8zh-MuiTouchRipple-root"
                    />
                  </button>
                </div>
                <fieldset
                  aria-hidden="true"
                  class="MuiOutlinedInput-notchedOutline css-1d3z3hw-MuiOutlinedInput-notchedOutline"
                >
                  <legend
                    class="css-yjsfm1"
                  >
                    <span>
                      Select a Product
                    </span>
                  </legend>
                </fieldset>
              </div>
            </div>
          </div>
        </div>
        <div
          class="w-[90%] sm:w-full px-2"
        >
          <label
            class="text-gray-600"
          >
            Quantity
            <span
              aria-valuemin="0"
              aria-valuenow="0"
              class="MuiSlider-root Mui-disabled MuiSlider-colorPrimary MuiSlider-sizeMedium css-187mznn-MuiSlider-root"
            >
              <span
                class="MuiSlider-rail css-14pt78w-MuiSlider-rail"
              />
              <span
                class="MuiSlider-track css-1gv0vcd-MuiSlider-track"
                style="left: 0%; width: 0%;"
              />
              <span
                class="MuiSlider-thumb Mui-disabled MuiSlider-thumbSizeMedium MuiSlider-thumbColorPrimary MuiSlider-thumb Mui-disabled MuiSlider-thumbSizeMedium MuiSlider-thumbColorPrimary css-eg0mwd-MuiSlider-thumb"
                data-index="0"
                style="left: 0%;"
              >
                <input
                  aria-label="quantity"
                  aria-orientation="horizontal"
                  aria-valuemax="100"
                  aria-valuemin="0"
                  aria-valuenow="0"
                  data-index="0"
                  disabled=""
                  max="100"
                  min="0"
                  step="1"
                  style="border: 0px; height: 100%; margin: -1px; overflow: hidden; padding: 0px; position: absolute; white-space: nowrap; width: 100%; direction: ltr;"
                  type="range"
                  value="0"
                />
                <span
                  aria-hidden="true"
                  class="MuiSlider-valueLabel css-nnid7-MuiSlider-valueLabel"
                >
                  <span
                    class="MuiSlider-valueLabelCircle"
                  >
                    <span
                      class="MuiSlider-valueLabelLabel"
                    >
                      0
                    </span>
                  </span>
                </span>
              </span>
            </span>
          </label>
        </div>
        <div
          class="w-full flex flex-row items-center gap-3"
        >
          <input
            aria-disabled="true"
            aria-label="quantity field"
            aria-live="polite"
            class="h-12 w-14 border-gray-400 border-[1.5px] rounded-md px-3 hover:border-gray-500 bg-transparent focus:outline-none"
            readonly=""
            type="text"
            value="0"
          />
        </div>
        <div
          class="flex items-center sm:min-w-[150px] max-h-[60px]"
        >
          <button
            aria-label="add to cart button"
            class="rounded-md bg-blue-500 text-white p-4 hover:bg-blue-400 disabled:bg-gray-400 font-bold w-full max-w-[150px]"
            disabled=""
          >
            Add to Cart
          </button>
        </div>
      </div>
    </div>
  </body>,
  "container": <div>
    <div
      class="undefined flex flex-col sm:flex-row gap-6 items-center w-full"
    >
      <div
        class="w-full min-w-[30%]"
      >
        <div
          aria-label="searchbox"
          class="MuiAutocomplete-root MuiAutocomplete-hasPopupIcon css-1x7wafs-MuiAutocomplete-root"
          data-testid="autocomplete"
        >
          <div
            class="MuiFormControl-root MuiFormControl-fullWidth MuiTextField-root css-wb57ya-MuiFormControl-root-MuiTextField-root"
          >
            <label
              class="MuiFormLabel-root MuiInputLabel-root MuiInputLabel-formControl MuiInputLabel-animated MuiInputLabel-outlined MuiFormLabel-colorPrimary MuiInputLabel-root MuiInputLabel-formControl MuiInputLabel-animated MuiInputLabel-outlined css-14s5rfu-MuiFormLabel-root-MuiInputLabel-root"
              data-shrink="false"
              for=":r0:"
              id=":r0:-label"
            >
              Select a Product
            </label>
            <div
              class="MuiInputBase-root MuiOutlinedInput-root MuiInputBase-colorPrimary MuiInputBase-fullWidth MuiInputBase-formControl MuiInputBase-adornedEnd MuiAutocomplete-inputRoot css-154xyx0-MuiInputBase-root-MuiOutlinedInput-root"
            >
              <input
                aria-autocomplete="list"
                aria-expanded="false"
                aria-invalid="false"
                autocapitalize="none"
                autocomplete="off"
                class="MuiInputBase-input MuiOutlinedInput-input MuiInputBase-inputAdornedEnd MuiAutocomplete-input MuiAutocomplete-inputFocused css-nxo287-MuiInputBase-input-MuiOutlinedInput-input"
                id=":r0:"
                role="combobox"
                spellcheck="false"
                type="text"
                value=""
              />
              <div
                class="MuiAutocomplete-endAdornment css-1q60rmi-MuiAutocomplete-endAdornment"
              >
                <button
                  aria-label="Open"
                  class="MuiButtonBase-root MuiIconButton-root MuiIconButton-sizeMedium MuiAutocomplete-popupIndicator css-qzbt6i-MuiButtonBase-root-MuiIconButton-root-MuiAutocomplete-popupIndicator"
                  tabindex="-1"
                  title="Open"
                  type="button"
                >
                  <svg
                    aria-hidden="true"
                    class="MuiSvgIcon-root MuiSvgIcon-fontSizeMedium css-i4bv87-MuiSvgIcon-root"
                    data-testid="ArrowDropDownIcon"
                    focusable="false"
                    viewBox="0 0 24 24"
                  >
                    <path
                      d="M7 10l5 5 5-5z"
                    />
                  </svg>
                  <span
                    class="MuiTouchRipple-root css-8je8zh-MuiTouchRipple-root"
                  />
                </button>
              </div>
              <fieldset
                aria-hidden="true"
                class="MuiOutlinedInput-notchedOutline css-1d3z3hw-MuiOutlinedInput-notchedOutline"
              >
                <legend
                  class="css-yjsfm1"
                >
                  <span>
                    Select a Product
                  </span>
                </legend>
              </fieldset>
            </div>
          </div>
        </div>
      </div>
      <div
        class="w-[90%] sm:w-full px-2"
      >
        <label
          class="text-gray-600"
        >
          Quantity
          <span
            aria-valuemin="0"
            aria-valuenow="0"
            class="MuiSlider-root Mui-disabled MuiSlider-colorPrimary MuiSlider-sizeMedium css-187mznn-MuiSlider-root"
          >
            <span
              class="MuiSlider-rail css-14pt78w-MuiSlider-rail"
            />
            <span
              class="MuiSlider-track css-1gv0vcd-MuiSlider-track"
              style="left: 0%; width: 0%;"
            />
            <span
              class="MuiSlider-thumb Mui-disabled MuiSlider-thumbSizeMedium MuiSlider-thumbColorPrimary MuiSlider-thumb Mui-disabled MuiSlider-thumbSizeMedium MuiSlider-thumbColorPrimary css-eg0mwd-MuiSlider-thumb"
              data-index="0"
              style="left: 0%;"
            >
              <input
                aria-label="quantity"
                aria-orientation="horizontal"
                aria-valuemax="100"
                aria-valuemin="0"
                aria-valuenow="0"
                data-index="0"
                disabled=""
                max="100"
                min="0"
                step="1"
                style="border: 0px; height: 100%; margin: -1px; overflow: hidden; padding: 0px; position: absolute; white-space: nowrap; width: 100%; direction: ltr;"
                type="range"
                value="0"
              />
              <span
                aria-hidden="true"
                class="MuiSlider-valueLabel css-nnid7-MuiSlider-valueLabel"
              >
                <span
                  class="MuiSlider-valueLabelCircle"
                >
                  <span
                    class="MuiSlider-valueLabelLabel"
                  >
                    0
                  </span>
                </span>
              </span>
            </span>
          </span>
        </label>
      </div>
      <div
        class="w-full flex flex-row items-center gap-3"
      >
        <input
          aria-disabled="true"
          aria-label="quantity field"
          aria-live="polite"
          class="h-12 w-14 border-gray-400 border-[1.5px] rounded-md px-3 hover:border-gray-500 bg-transparent focus:outline-none"
          readonly=""
          type="text"
          value="0"
        />
      </div>
      <div
        class="flex items-center sm:min-w-[150px] max-h-[60px]"
      >
        <button
          aria-label="add to cart button"
          class="rounded-md bg-blue-500 text-white p-4 hover:bg-blue-400 disabled:bg-gray-400 font-bold w-full max-w-[150px]"
          disabled=""
        >
          Add to Cart
        </button>
      </div>
    </div>
  </div>,
  "debug": [Function],
  "findAllByAltText": [Function],
  "findAllByDisplayValue": [Function],
  "findAllByLabelText": [Function],
  "findAllByPlaceholderText": [Function],
  "findAllByRole": [Function],
  "findAllByTestId": [Function],
  "findAllByText": [Function],
  "findAllByTitle": [Function],
  "findByAltText": [Function],
  "findByDisplayValue": [Function],
  "findByLabelText": [Function],
  "findByPlaceholderText": [Function],
  "findByRole": [Function],
  "findByTestId": [Function],
  "findByText": [Function],
  "findByTitle": [Function],
  "getAllByAltText": [Function],
  "getAllByDisplayValue": [Function],
  "getAllByLabelText": [Function],
  "getAllByPlaceholderText": [Function],
  "getAllByRole": [Function],
  "getAllByTestId": [Function],
  "getAllByText": [Function],
  "getAllByTitle": [Function],
  "getByAltText": [Function],
  "getByDisplayValue": [Function],
  "getByLabelText": [Function],
  "getByPlaceholderText": [Function],
  "getByRole": [Function],
  "getByTestId": [Function],
  "getByText": [Function],
  "getByTitle": [Function],
  "queryAllByAltText": [Function],
  "queryAllByDisplayValue": [Function],
  "queryAllByLabelText": [Function],
  "queryAllByPlaceholderText": [Function],
  "queryAllByRole": [Function],
  "queryAllByTestId": [Function],
  "queryAllByText": [Function],
  "queryAllByTitle": [Function],
  "queryByAltText": [Function],
  "queryByDisplayValue": [Function],
  "queryByLabelText": [Function],
  "queryByPlaceholderText": [Function],
  "queryByRole": [Function],
  "queryByTestId": [Function],
  "queryByText": [Function],
  "queryByTitle": [Function],
  "rerender": [Function],
  "unmount": [Function],
}
`;
