// Jest Snapshot v1, https://goo.gl/fbAQLP

exports[`Shopping Cart Component renders 1`] = `
{
  "asFragment": [Function],
  "baseElement": <body>
    <div>
      <h2
        class="my-3 font-bold text-4xl"
      >
        Your orders
      </h2>
      <table
        class="w-full sm:text-base text-sm overflow-x-auto"
      >
        <thead
          class="sm:text-base text-xs"
        >
          <tr>
            <th
              class="text-start"
            >
              Product
            </th>
            <th
              class="text-start max-w-[35px] sm:max-w-auto"
            >
              <div
                class="whitespace-nowrap truncate w-full"
              >
                Quantity
              </div>
            </th>
            <th
              class="text-start"
            >
              Price
            </th>
            <th
              class="text-start"
            >
              Total
            </th>
            <th
              class="text-start"
            />
          </tr>
        </thead>
        <tbody>
          <tr>
            <td
              class="sm:py-2 py-1"
            >
              Syrup - Monin, Irish Cream
            </td>
            <td
              class="sm:py-2 py-1"
            >
              2
            </td>
            <td
              class="sm:py-2 py-1"
            >
              7.76
              €
            </td>
            <td
              class="sm:py-2 py-1"
            >
              15.52
              €
            </td>
            <td
              class="sm:py-2 py-1"
            >
              <div
                class="flex justify-end"
              >
                <button
                  aria-label="delete button"
                  class="bg-red-500 hover:bg-red-600 rounded-md sm:p-2 p-1"
                >
                  <svg
                    class="fill-white sm:w-5 sm:h-5 w-4 h-4"
                    viewBox="0 -960 960 960"
                    xmlns="http://www.w3.org/2000/svg"
                  >
                    <path
                      d="M261-120q-24.75 0-42.375-17.625T201-180v-570h-41v-60h188v-30h264v30h188v60h-41v570q0 24-18 42t-42 18H261Zm438-630H261v570h438v-570ZM367-266h60v-399h-60v399Zm166 0h60v-399h-60v399ZM261-750v570-570Z"
                    />
                  </svg>
                </button>
              </div>
            </td>
          </tr>
          <tr>
            <td
              class="sm:py-2 py-1"
            >
              Pie Shells 10
            </td>
            <td
              class="sm:py-2 py-1"
            >
              50
            </td>
            <td
              class="sm:py-2 py-1"
            >
              9.45
              €
            </td>
            <td
              class="sm:py-2 py-1"
            >
              472.50
              €
            </td>
            <td
              class="sm:py-2 py-1"
            >
              <div
                class="flex justify-end"
              >
                <button
                  aria-label="delete button"
                  class="bg-red-500 hover:bg-red-600 rounded-md sm:p-2 p-1"
                >
                  <svg
                    class="fill-white sm:w-5 sm:h-5 w-4 h-4"
                    viewBox="0 -960 960 960"
                    xmlns="http://www.w3.org/2000/svg"
                  >
                    <path
                      d="M261-120q-24.75 0-42.375-17.625T201-180v-570h-41v-60h188v-30h264v30h188v60h-41v570q0 24-18 42t-42 18H261Zm438-630H261v570h438v-570ZM367-266h60v-399h-60v399Zm166 0h60v-399h-60v399ZM261-750v570-570Z"
                    />
                  </svg>
                </button>
              </div>
            </td>
          </tr>
        </tbody>
      </table>
      <div
        class="flex flex-row justify-end text-sm sm:text-base bg-gray-100 rounded-sm p-3 my-4"
      >
        <div>
          <div
            class="grid grid-cols-2 text-gray-600"
          >
            <span>
              Subtotal:
            </span>
            <span
              class="ml-3 text-end"
            >
              €
            </span>
          </div>
          <div
            class="grid grid-cols-2 text-gray-600"
          >
            <span>
              Tax:
            </span>
            <span
              class="ml-3 text-end"
            >
              €
            </span>
          </div>
          <div
            class="grid grid-cols-2 font-bold"
          >
            <span>
              Gross Total:
            </span>
            <span
              class="ml-3 text-end"
            >
              €
            </span>
          </div>
        </div>
      </div>
      <div
        class="flex flex-row justify-between items-end"
      >
        <button
          aria-label="clear cart button"
          class="bg-gray-500 hover:bg-gray-600 text-white rounded-md py-3 px-5"
        >
          Clear
        </button>
        <div
          class=" w-full max-w-[150px]"
        >
          <progress
            aria-label="product count progress bar"
            class="max-w-[150px] [&::-webkit-progress-bar]:rounded-md [&::-webkit-progress-value]:rounded-md [&::-webkit-progress-bar]:bg-slate-300 [&::-webkit-progress-value]:bg-blue-400 [&::-moz-progress-bar]:bg-blue-400"
            max="10"
            value="2"
          />
          <button
            aria-label="checkout button"
            class="rounded-md bg-blue-500 text-white p-4 hover:bg-blue-600 disabled:bg-gray-400 font-bold w-full"
          >
            Checkout
          </button>
        </div>
      </div>
    </div>
  </body>,
  "container": <div>
    <h2
      class="my-3 font-bold text-4xl"
    >
      Your orders
    </h2>
    <table
      class="w-full sm:text-base text-sm overflow-x-auto"
    >
      <thead
        class="sm:text-base text-xs"
      >
        <tr>
          <th
            class="text-start"
          >
            Product
          </th>
          <th
            class="text-start max-w-[35px] sm:max-w-auto"
          >
            <div
              class="whitespace-nowrap truncate w-full"
            >
              Quantity
            </div>
          </th>
          <th
            class="text-start"
          >
            Price
          </th>
          <th
            class="text-start"
          >
            Total
          </th>
          <th
            class="text-start"
          />
        </tr>
      </thead>
      <tbody>
        <tr>
          <td
            class="sm:py-2 py-1"
          >
            Syrup - Monin, Irish Cream
          </td>
          <td
            class="sm:py-2 py-1"
          >
            2
          </td>
          <td
            class="sm:py-2 py-1"
          >
            7.76
            €
          </td>
          <td
            class="sm:py-2 py-1"
          >
            15.52
            €
          </td>
          <td
            class="sm:py-2 py-1"
          >
            <div
              class="flex justify-end"
            >
              <button
                aria-label="delete button"
                class="bg-red-500 hover:bg-red-600 rounded-md sm:p-2 p-1"
              >
                <svg
                  class="fill-white sm:w-5 sm:h-5 w-4 h-4"
                  viewBox="0 -960 960 960"
                  xmlns="http://www.w3.org/2000/svg"
                >
                  <path
                    d="M261-120q-24.75 0-42.375-17.625T201-180v-570h-41v-60h188v-30h264v30h188v60h-41v570q0 24-18 42t-42 18H261Zm438-630H261v570h438v-570ZM367-266h60v-399h-60v399Zm166 0h60v-399h-60v399ZM261-750v570-570Z"
                  />
                </svg>
              </button>
            </div>
          </td>
        </tr>
        <tr>
          <td
            class="sm:py-2 py-1"
          >
            Pie Shells 10
          </td>
          <td
            class="sm:py-2 py-1"
          >
            50
          </td>
          <td
            class="sm:py-2 py-1"
          >
            9.45
            €
          </td>
          <td
            class="sm:py-2 py-1"
          >
            472.50
            €
          </td>
          <td
            class="sm:py-2 py-1"
          >
            <div
              class="flex justify-end"
            >
              <button
                aria-label="delete button"
                class="bg-red-500 hover:bg-red-600 rounded-md sm:p-2 p-1"
              >
                <svg
                  class="fill-white sm:w-5 sm:h-5 w-4 h-4"
                  viewBox="0 -960 960 960"
                  xmlns="http://www.w3.org/2000/svg"
                >
                  <path
                    d="M261-120q-24.75 0-42.375-17.625T201-180v-570h-41v-60h188v-30h264v30h188v60h-41v570q0 24-18 42t-42 18H261Zm438-630H261v570h438v-570ZM367-266h60v-399h-60v399Zm166 0h60v-399h-60v399ZM261-750v570-570Z"
                  />
                </svg>
              </button>
            </div>
          </td>
        </tr>
      </tbody>
    </table>
    <div
      class="flex flex-row justify-end text-sm sm:text-base bg-gray-100 rounded-sm p-3 my-4"
    >
      <div>
        <div
          class="grid grid-cols-2 text-gray-600"
        >
          <span>
            Subtotal:
          </span>
          <span
            class="ml-3 text-end"
          >
            €
          </span>
        </div>
        <div
          class="grid grid-cols-2 text-gray-600"
        >
          <span>
            Tax:
          </span>
          <span
            class="ml-3 text-end"
          >
            €
          </span>
        </div>
        <div
          class="grid grid-cols-2 font-bold"
        >
          <span>
            Gross Total:
          </span>
          <span
            class="ml-3 text-end"
          >
            €
          </span>
        </div>
      </div>
    </div>
    <div
      class="flex flex-row justify-between items-end"
    >
      <button
        aria-label="clear cart button"
        class="bg-gray-500 hover:bg-gray-600 text-white rounded-md py-3 px-5"
      >
        Clear
      </button>
      <div
        class=" w-full max-w-[150px]"
      >
        <progress
          aria-label="product count progress bar"
          class="max-w-[150px] [&::-webkit-progress-bar]:rounded-md [&::-webkit-progress-value]:rounded-md [&::-webkit-progress-bar]:bg-slate-300 [&::-webkit-progress-value]:bg-blue-400 [&::-moz-progress-bar]:bg-blue-400"
          max="10"
          value="2"
        />
        <button
          aria-label="checkout button"
          class="rounded-md bg-blue-500 text-white p-4 hover:bg-blue-600 disabled:bg-gray-400 font-bold w-full"
        >
          Checkout
        </button>
      </div>
    </div>
  </div>,
  "debug": [Function],
  "findAllByAltText": [Function],
  "findAllByDisplayValue": [Function],
  "findAllByLabelText": [Function],
  "findAllByPlaceholderText": [Function],
  "findAllByRole": [Function],
  "findAllByTestId": [Function],
  "findAllByText": [Function],
  "findAllByTitle": [Function],
  "findByAltText": [Function],
  "findByDisplayValue": [Function],
  "findByLabelText": [Function],
  "findByPlaceholderText": [Function],
  "findByRole": [Function],
  "findByTestId": [Function],
  "findByText": [Function],
  "findByTitle": [Function],
  "getAllByAltText": [Function],
  "getAllByDisplayValue": [Function],
  "getAllByLabelText": [Function],
  "getAllByPlaceholderText": [Function],
  "getAllByRole": [Function],
  "getAllByTestId": [Function],
  "getAllByText": [Function],
  "getAllByTitle": [Function],
  "getByAltText": [Function],
  "getByDisplayValue": [Function],
  "getByLabelText": [Function],
  "getByPlaceholderText": [Function],
  "getByRole": [Function],
  "getByTestId": [Function],
  "getByText": [Function],
  "getByTitle": [Function],
  "queryAllByAltText": [Function],
  "queryAllByDisplayValue": [Function],
  "queryAllByLabelText": [Function],
  "queryAllByPlaceholderText": [Function],
  "queryAllByRole": [Function],
  "queryAllByTestId": [Function],
  "queryAllByText": [Function],
  "queryAllByTitle": [Function],
  "queryByAltText": [Function],
  "queryByDisplayValue": [Function],
  "queryByLabelText": [Function],
  "queryByPlaceholderText": [Function],
  "queryByRole": [Function],
  "queryByTestId": [Function],
  "queryByText": [Function],
  "queryByTitle": [Function],
  "rerender": [Function],
  "unmount": [Function],
}
`;
